2026-08-09 11:00:29,860 - MameExecutable - INFO - Inicializando MameExecutable com caminho: G:\LaunchBox\emulators\mame\mame.exe
2026-08-09 11:00:29,860 - MameExecutable - INFO - Tentando: G:\LaunchBox\emulators\mame\mame.exe --version
2026-08-09 11:00:30,160 - MameExecutable - INFO - Tentando: G:\LaunchBox\emulators\mame\mame.exe -version
2026-08-09 11:00:30,314 - MameExecutable - INFO - Versão detectada via padrão genérico: 0.289
2026-08-09 11:00:32,847 - MameExecutable - INFO - Inicializando MameExecutable com caminho: G:\LaunchBox\emulators\mame\mame.exe
2026-08-09 11:00:32,847 - MameExecutable - INFO - Tentando: G:\LaunchBox\emulators\mame\mame.exe --version
2026-08-09 11:00:33,147 - MameExecutable - INFO - Tentando: G:\LaunchBox\emulators\mame\mame.exe -version
2026-08-09 11:00:33,319 - MameExecutable - INFO - Versão detectada via padrão genérico: 0.289
2026-08-09 11:00:39,674 - MameExecutable - INFO - Inicializando MameExecutable com caminho: G:\LaunchBox\emulators\mame\mame.exe
2026-08-09 11:00:39,674 - MameExecutable - INFO - Tentando: G:\LaunchBox\emulators\mame\mame.exe --version
2026-08-09 11:00:39,941 - MameExecutable - INFO - Tentando: G:\LaunchBox\emulators\mame\mame.exe -version
2026-08-09 11:00:40,095 - MameExecutable - INFO - Versão detectada via padrão genérico: 0.289
2026-08-09 11:00:41,239 - MameExecutable - INFO - Inicializando MameExecutable com caminho: G:\LaunchBox\emulators\mame\mame.exe
2026-08-09 11:00:41,239 - MameExecutable - INFO - Tentando: G:\LaunchBox\emulators\mame\mame.exe --version
2026-08-09 11:00:41,395 - MameExecutable - INFO - Tentando: G:\LaunchBox\emulators\mame\mame.exe -version
2026-08-09 11:00:41,549 - MameExecutable - INFO - Versão detectada via padrão genérico: 0.289
2026-08-09 11:05:28,410 - MameExecutable - INFO - Inicializando MameExecutable com caminho: G:\LaunchBox\emulators\mame\mame.exe
2026-08-09 11:05:28,410 - MameExecutable - INFO - Tentando: G:\LaunchBox\emulators\mame\mame.exe --version
2026-08-09 11:05:28,682 - MameExecutable - INFO - Tentando: G:\LaunchBox\emulators\mame\mame.exe -version
2026-08-09 11:05:28,835 - MameExecutable - INFO - Versão detectada via padrão genérico: 0.289
2026-08-09 11:05:28,865 - MameExecutable - INFO - Inicializando MameExecutable com caminho: G:\LaunchBox\emulators\mame\mame.exe
2026-08-09 11:05:28,865 - MameExecutable - INFO - Tentando: G:\LaunchBox\emulators\mame\mame.exe --version
2026-08-09 11:05:29,028 - MameExecutable - INFO - Tentando: G:\LaunchBox\emulators\mame\mame.exe -version
2026-08-09 11:05:29,183 - MameExecutable - INFO - Versão detectada via padrão genérico: 0.289
2026-08-09 11:05:33,356 - MameExecutable - INFO - Inicializando MameExecutable com caminho: G:\LaunchBox\emulators\mame\mame.exe
2026-08-09 11:05:33,356 - MameExecutable - INFO - Tentando: G:\LaunchBox\emulators\mame\mame.exe --version
2026-08-09 11:05:33,642 - MameExecutable - INFO - Tentando: G:\LaunchBox\emulators\mame\mame.exe -version
2026-08-09 11:05:33,804 - MameExecutable - INFO - Versão detectada via padrão genérico: 0.289
2026-08-09 11:05:40,454 - MameExecutable - INFO - Inicializando MameExecutable com caminho: G:\LaunchBox\emulators\mame\mame.exe
2026-08-09 11:05:40,454 - MameExecutable - INFO - Tentando: G:\LaunchBox\emulators\mame\mame.exe --version
2026-08-09 11:05:40,721 - MameExecutable - INFO - Tentando: G:\LaunchBox\emulators\mame\mame.exe -version
2026-08-09 11:05:40,884 - MameExecutable - INFO - Versão detectada via padrão genérico: 0.289
2026-08-09 11:05:50,755 - MameExecutable - INFO - Inicializando MameExecutable com caminho: G:\LaunchBox\emulators\mame\mame.exe
2026-08-09 11:05:50,755 - MameExecutable - INFO - Tentando: G:\LaunchBox\emulators\mame\mame.exe --version
2026-08-09 11:05:51,040 - MameExecutable - INFO - Tentando: G:\LaunchBox\emulators\mame\mame.exe -version
2026-08-09 11:05:51,199 - MameExecutable - INFO - Versão detectada via padrão genérico: 0.289
2026-08-09 11:05:52,068 - MameExecutable - INFO - Inicializando MameExecutable com caminho: G:\LaunchBox\emulators\mame\mame.exe
2026-08-09 11:05:52,068 - MameExecutable - INFO - Tentando: G:\LaunchBox\emulators\mame\mame.exe --version
2026-08-09 11:05:52,226 - MameExecutable - INFO - Tentando: G:\LaunchBox\emulators\mame\mame.exe -version
2026-08-09 11:05:52,382 - MameExecutable - INFO - Versão detectada via padrão genérico: 0.289
2026-08-09 11:06:21,809 - MameExecutable - INFO - Inicializando MameExecutable com caminho: G:\LaunchBox\emulators\mame\mame.exe
2026-08-09 11:06:21,810 - MameExecutable - INFO - Tentando: G:\LaunchBox\emulators\mame\mame.exe --version
2026-08-09 11:06:22,080 - MameExecutable - INFO - Tentando: G:\LaunchBox\emulators\mame\mame.exe -version
2026-08-09 11:06:22,234 - MameExecutable - INFO - Versão detectada via padrão genérico: 0.289
2026-08-09 11:06:22,263 - MameExecutable - INFO - Inicializando MameExecutable com caminho: G:\LaunchBox\emulators\mame\mame.exe
2026-08-09 11:06:22,264 - MameExecutable - INFO - Tentando: G:\LaunchBox\emulators\mame\mame.exe --version
2026-08-09 11:06:22,419 - MameExecutable - INFO - Tentando: G:\LaunchBox\emulators\mame\mame.exe -version
2026-08-09 11:06:22,575 - MameExecutable - INFO - Versão detectada via padrão genérico: 0.289
2026-08-09 11:06:23,820 - MameExecutable - INFO - Inicializando MameExecutable com caminho: G:\LaunchBox\emulators\mame\mame.exe
2026-08-09 11:06:23,821 - MameExecutable - INFO - Tentando: G:\LaunchBox\emulators\mame\mame.exe --version
2026-08-09 11:06:23,983 - MameExecutable - INFO - Tentando: G:\LaunchBox\emulators\mame\mame.exe -version
2026-08-09 11:06:24,137 - MameExecutable - INFO - Versão detectada via padrão genérico: 0.289
2026-08-09 11:09:08,955 - MameExecutable - INFO - Inicializando MameExecutable com caminho: G:\LaunchBox\emulators\mame\mame.exe
2026-08-09 11:09:08,956 - MameExecutable - INFO - Tentando: G:\LaunchBox\emulators\mame\mame.exe --version
2026-08-09 11:09:09,224 - MameExecutable - INFO - Tentando: G:\LaunchBox\emulators\mame\mame.exe -version
2026-08-09 11:09:09,374 - MameExecutable - INFO - Versão detectada via padrão genérico: 0.289
2026-08-09 11:09:09,401 - MameExecutable - INFO - Inicializando MameExecutable com caminho: G:\LaunchBox\emulators\mame\mame.exe
2026-08-09 11:09:09,401 - MameExecutable - INFO - Tentando: G:\LaunchBox\emulators\mame\mame.exe --version
2026-08-09 11:09:09,556 - MameExecutable - INFO - Tentando: G:\LaunchBox\emulators\mame\mame.exe -version
2026-08-09 11:09:09,722 - MameExecutable - INFO - Versão detectada via padrão genérico: 0.289
2026-08-09 11:09:11,326 - MameExecutable - INFO - Inicializando MameExecutable com caminho: G:\LaunchBox\emulators\mame\mame.exe
2026-08-09 11:09:11,326 - MameExecutable - INFO - Tentando: G:\LaunchBox\emulators\mame\mame.exe --version
2026-08-09 11:09:11,599 - MameExecutable - INFO - Tentando: G:\LaunchBox\emulators\mame\mame.exe -version
2026-08-09 11:09:11,752 - MameExecutable - INFO - Versão detectada via padrão genérico: 0.289
2026-08-09 11:11:14,657 - MameExecutable - INFO - Inicializando MameExecutable com caminho: G:\LaunchBox\emulators\mame\mame.exe
2026-08-09 11:11:14,658 - MameExecutable - INFO - Tentando: G:\LaunchBox\emulators\mame\mame.exe --version
2026-08-09 11:11:14,929 - MameExecutable - INFO - Tentando: G:\LaunchBox\emulators\mame\mame.exe -version
2026-08-09 11:11:15,092 - MameExecutable - INFO - Versão detectada via padrão genérico: 0.289
2026-08-09 11:11:15,125 - MameExecutable - INFO - Inicializando MameExecutable com caminho: G:\LaunchBox\emulators\mame\mame.exe
2026-08-09 11:11:15,126 - MameExecutable - INFO - Tentando: G:\LaunchBox\emulators\mame\mame.exe --version
2026-08-09 11:11:15,282 - MameExecutable - INFO - Tentando: G:\LaunchBox\emulators\mame\mame.exe -version
2026-08-09 11:11:15,438 - MameExecutable - INFO - Versão detectada via padrão genérico: 0.289
2026-08-09 11:11:17,128 - MameExecutable - INFO - Inicializando MameExecutable com caminho: G:\LaunchBox\emulators\mame\mame.exe
2026-08-09 11:11:17,128 - MameExecutable - INFO - Tentando: G:\LaunchBox\emulators\mame\mame.exe --version
2026-08-09 11:11:17,410 - MameExecutable - INFO - Tentando: G:\LaunchBox\emulators\mame\mame.exe -version
2026-08-09 11:11:17,568 - MameExecutable - INFO - Versão detectada via padrão genérico: 0.289
2026-08-09 11:11:20,952 - MameExecutable - INFO - Inicializando MameExecutable com caminho: G:\LaunchBox\emulators\mame\mame.exe
2026-08-09 11:11:20,952 - MameExecutable - INFO - Tentando: G:\LaunchBox\emulators\mame\mame.exe --version
2026-08-09 11:11:21,221 - MameExecutable - INFO - Tentando: G:\LaunchBox\emulators\mame\mame.exe -version
2026-08-09 11:11:21,378 - MameExecutable - INFO - Versão detectada via padrão genérico: 0.289
2026-08-09 11:14:20,258 - MameExecutable - INFO - Inicializando MameExecutable com caminho: G:\LaunchBox\emulators\mame\mame.exe
2026-08-09 11:14:20,258 - MameExecutable - INFO - Tentando: G:\LaunchBox\emulators\mame\mame.exe --version
2026-08-09 11:14:20,528 - MameExecutable - INFO - Tentando: G:\LaunchBox\emulators\mame\mame.exe -version
2026-08-09 11:14:20,685 - MameExecutable - INFO - Versão detectada via padrão genérico: 0.289
2026-08-09 11:16:17,433 - MameExecutable - INFO - Inicializando MameExecutable com caminho: G:\LaunchBox\emulators\mame\mame.exe
2026-08-09 11:16:17,434 - MameExecutable - INFO - Tentando: G:\LaunchBox\emulators\mame\mame.exe --version
2026-08-09 11:16:17,701 - MameExecutable - INFO - Tentando: G:\LaunchBox\emulators\mame\mame.exe -version
2026-08-09 11:16:17,854 - MameExecutable - INFO - Versão detectada via padrão genérico: 0.289
2026-08-09 11:16:17,858 - MameExecutable - INFO - Inicializando MameExecutable com caminho: G:\LaunchBox\emulators\mame\mame.exe
2026-08-09 11:16:17,858 - MameExecutable - INFO - Tentando: G:\LaunchBox\emulators\mame\mame.exe --version
2026-08-09 11:16:18,010 - MameExecutable - INFO - Tentando: G:\LaunchBox\emulators\mame\mame.exe -version
2026-08-09 11:16:18,173 - MameExecutable - INFO - Versão detectada via padrão genérico: 0.289
2026-08-09 11:16:19,997 - MameExecutable - INFO - Inicializando MameExecutable com caminho: G:\LaunchBox\emulators\mame\mame.exe
2026-08-09 11:16:19,997 - MameExecutable - INFO - Tentando: G:\LaunchBox\emulators\mame\mame.exe --version
2026-08-09 11:16:20,274 - MameExecutable - INFO - Tentando: G:\LaunchBox\emulators\mame\mame.exe -version
2026-08-09 11:16:20,432 - MameExecutable - INFO - Versão detectada via padrão genérico: 0.289
2026-08-09 11:16:38,148 - MameExecutable - INFO - Inicializando MameExecutable com caminho: G:\LaunchBox\emulators\mame\mame.exe
2026-08-09 11:16:38,149 - MameExecutable - INFO - Tentando: G:\LaunchBox\emulators\mame\mame.exe --version
2026-08-09 11:16:38,416 - MameExecutable - INFO - Tentando: G:\LaunchBox\emulators\mame\mame.exe -version
2026-08-09 11:16:38,580 - MameExecutable - INFO - Versão detectada via padrão genérico: 0.289
2026-08-09 11:18:06,280 - MameExecutable - INFO - Inicializando MameExecutable com caminho: G:\LaunchBox\emulators\mame\mame.exe
2026-08-09 11:18:06,280 - MameExecutable - INFO - Tentando: G:\LaunchBox\emulators\mame\mame.exe --version
2026-08-09 11:18:06,546 - MameExecutable - INFO - Tentando: G:\LaunchBox\emulators\mame\mame.exe -version
2026-08-09 11:18:06,701 - MameExecutable - INFO - Versão detectada via padrão genérico: 0.289
2026-08-09 11:18:06,706 - MameExecutable - INFO - Inicializando MameExecutable com caminho: G:\LaunchBox\emulators\mame\mame.exe
2026-08-09 11:18:06,706 - MameExecutable - INFO - Tentando: G:\LaunchBox\emulators\mame\mame.exe --version
2026-08-09 11:18:06,872 - MameExecutable - INFO - Tentando: G:\LaunchBox\emulators\mame\mame.exe -version
2026-08-09 11:18:07,030 - MameExecutable - INFO - Versão detectada via padrão genérico: 0.289
2026-08-09 11:18:08,955 - MameExecutable - INFO - Inicializando MameExecutable com caminho: G:\LaunchBox\emulators\mame\mame.exe
2026-08-09 11:18:08,955 - MameExecutable - INFO - Tentando: G:\LaunchBox\emulators\mame\mame.exe --version
2026-08-09 11:18:09,226 - MameExecutable - INFO - Tentando: G:\LaunchBox\emulators\mame\mame.exe -version
2026-08-09 11:18:09,381 - MameExecutable - INFO - Versão detectada via padrão genérico: 0.289
2026-08-09 11:19:01,186 - MameExecutable - INFO - Inicializando MameExecutable com caminho: G:\LaunchBox\emulators\mame\mame.exe
2026-08-09 11:19:01,186 - MameExecutable - INFO - Tentando: G:\LaunchBox\emulators\mame\mame.exe --version
2026-08-09 11:19:01,457 - MameExecutable - INFO - Tentando: G:\LaunchBox\emulators\mame\mame.exe -version
2026-08-09 11:19:01,613 - MameExecutable - INFO - Versão detectada via padrão genérico: 0.289
2026-08-09 11:20:00,415 - MameExecutable - INFO - Inicializando MameExecutable com caminho: G:\LaunchBox\emulators\mame\mame.exe
2026-08-09 11:20:00,416 - MameExecutable - INFO - Tentando: G:\LaunchBox\emulators\mame\mame.exe --version
2026-08-09 11:20:00,684 - MameExecutable - INFO - Tentando: G:\LaunchBox\emulators\mame\mame.exe -version
2026-08-09 11:20:00,840 - MameExecutable - INFO - Versão detectada via padrão genérico: 0.289
2026-08-09 11:20:17,984 - MameExecutable - INFO - Inicializando MameExecutable com caminho: G:\LaunchBox\emulators\mame\mame.exe
2026-08-09 11:20:17,984 - MameExecutable - INFO - Tentando: G:\LaunchBox\emulators\mame\mame.exe --version
2026-08-09 11:20:18,251 - MameExecutable - INFO - Tentando: G:\LaunchBox\emulators\mame\mame.exe -version
2026-08-09 11:20:18,412 - MameExecutable - INFO - Versão detectada via padrão genérico: 0.289
2026-08-09 11:20:18,417 - MameExecutable - INFO - Inicializando MameExecutable com caminho: G:\LaunchBox\emulators\mame\mame.exe
2026-08-09 11:20:18,418 - MameExecutable - INFO - Tentando: G:\LaunchBox\emulators\mame\mame.exe --version
2026-08-09 11:20:18,579 - MameExecutable - INFO - Tentando: G:\LaunchBox\emulators\mame\mame.exe -version
2026-08-09 11:20:18,735 - MameExecutable - INFO - Versão detectada via padrão genérico: 0.289
2026-08-09 11:20:20,213 - MameExecutable - INFO - Inicializando MameExecutable com caminho: G:\LaunchBox\emulators\mame\mame.exe
2026-08-09 11:20:20,213 - MameExecutable - INFO - Tentando: G:\LaunchBox\emulators\mame\mame.exe --version
2026-08-09 11:20:20,489 - MameExecutable - INFO - Tentando: G:\LaunchBox\emulators\mame\mame.exe -version
2026-08-09 11:20:20,644 - MameExecutable - INFO - Versão detectada via padrão genérico: 0.289
2026-08-09 11:22:03,603 - MameExecutable - INFO - Inicializando MameExecutable com caminho: G:\LaunchBox\emulators\mame\mame.exe
2026-08-09 11:22:03,603 - MameExecutable - INFO - Tentando: G:\LaunchBox\emulators\mame\mame.exe --version
2026-08-09 11:22:03,872 - MameExecutable - INFO - Tentando: G:\LaunchBox\emulators\mame\mame.exe -version
2026-08-09 11:22:04,026 - MameExecutable - INFO - Versão detectada via padrão genérico: 0.289
2026-08-09 11:22:04,032 - MameExecutable - INFO - Inicializando MameExecutable com caminho: G:\LaunchBox\emulators\mame\mame.exe
2026-08-09 11:22:04,032 - MameExecutable - INFO - Tentando: G:\LaunchBox\emulators\mame\mame.exe --version
2026-08-09 11:22:04,186 - MameExecutable - INFO - Tentando: G:\LaunchBox\emulators\mame\mame.exe -version
2026-08-09 11:22:04,343 - MameExecutable - INFO - Versão detectada via padrão genérico: 0.289
2026-08-09 11:22:05,623 - MameExecutable - INFO - Inicializando MameExecutable com caminho: G:\LaunchBox\emulators\mame\mame.exe
2026-08-09 11:22:05,623 - MameExecutable - INFO - Tentando: G:\LaunchBox\emulators\mame\mame.exe --version
2026-08-09 11:22:05,799 - MameExecutable - INFO - Tentando: G:\LaunchBox\emulators\mame\mame.exe -version
2026-08-09 11:22:05,960 - MameExecutable - INFO - Versão detectada via padrão genérico: 0.289
2026-08-09 11:22:12,106 - MameExecutable - INFO - Inicializando MameExecutable com caminho: G:\LaunchBox\emulators\mame\mame.exe
2026-08-09 11:22:12,107 - MameExecutable - INFO - Tentando: G:\LaunchBox\emulators\mame\mame.exe --version
2026-08-09 11:22:12,372 - MameExecutable - INFO - Tentando: G:\LaunchBox\emulators\mame\mame.exe -version
2026-08-09 11:22:12,526 - MameExecutable - INFO - Versão detectada via padrão genérico: 0.289
2026-08-09 11:22:23,804 - MameExecutable - INFO - Inicializando MameExecutable com caminho: G:\LaunchBox\emulators\mame\mame.exe
2026-08-09 11:22:23,804 - MameExecutable - INFO - Tentando: G:\LaunchBox\emulators\mame\mame.exe --version
2026-08-09 11:22:24,076 - MameExecutable - INFO - Tentando: G:\LaunchBox\emulators\mame\mame.exe -version
2026-08-09 11:22:24,229 - MameExecutable - INFO - Versão detectada via padrão genérico: 0.289
2026-08-09 11:22:33,659 - MameExecutable - INFO - Inicializando MameExecutable com caminho: G:\LaunchBox\emulators\mame\mame.exe
2026-08-09 11:22:33,660 - MameExecutable - INFO - Tentando: G:\LaunchBox\emulators\mame\mame.exe --version
2026-08-09 11:22:33,926 - MameExecutable - INFO - Tentando: G:\LaunchBox\emulators\mame\mame.exe -version
2026-08-09 11:22:34,082 - MameExecutable - INFO - Versão detectada via padrão genérico: 0.289
2026-08-09 11:22:34,087 - MameExecutable - INFO - Inicializando MameExecutable com caminho: G:\LaunchBox\emulators\mame\mame.exe
2026-08-09 11:22:34,088 - MameExecutable - INFO - Tentando: G:\LaunchBox\emulators\mame\mame.exe --version
2026-08-09 11:22:34,242 - MameExecutable - INFO - Tentando: G:\LaunchBox\emulators\mame\mame.exe -version
2026-08-09 11:22:34,398 - MameExecutable - INFO - Versão detectada via padrão genérico: 0.289
2026-08-09 11:22:35,611 - MameExecutable - INFO - Inicializando MameExecutable com caminho: G:\LaunchBox\emulators\mame\mame.exe
2026-08-09 11:22:35,611 - MameExecutable - INFO - Tentando: G:\LaunchBox\emulators\mame\mame.exe --version
2026-08-09 11:22:35,776 - MameExecutable - INFO - Tentando: G:\LaunchBox\emulators\mame\mame.exe -version
2026-08-09 11:22:35,934 - MameExecutable - INFO - Versão detectada via padrão genérico: 0.289
2026-08-09 11:22:40,934 - MameExecutable - INFO - Inicializando MameExecutable com caminho: G:\LaunchBox\emulators\mame\mame.exe
2026-08-09 11:22:40,934 - MameExecutable - INFO - Tentando: G:\LaunchBox\emulators\mame\mame.exe --version
2026-08-09 11:22:41,203 - MameExecutable - INFO - Tentando: G:\LaunchBox\emulators\mame\mame.exe -version
2026-08-09 11:22:41,359 - MameExecutable - INFO - Versão detectada via padrão genérico: 0.289
2026-08-09 11:24:00,287 - MameExecutable - INFO - Inicializando MameExecutable com caminho: G:\LaunchBox\emulators\mame\mame.exe
2026-08-09 11:24:00,287 - MameExecutable - INFO - Tentando: G:\LaunchBox\emulators\mame\mame.exe --version
2026-08-09 11:24:00,554 - MameExecutable - INFO - Tentando: G:\LaunchBox\emulators\mame\mame.exe -version
2026-08-09 11:24:00,709 - MameExecutable - INFO - Versão detectada via padrão genérico: 0.289
2026-08-09 11:24:07,869 - MameExecutable - INFO - Inicializando MameExecutable com caminho: G:\LaunchBox\emulators\mame\mame.exe
2026-08-09 11:24:07,869 - MameExecutable - INFO - Tentando: G:\LaunchBox\emulators\mame\mame.exe --version
2026-08-09 11:24:08,142 - MameExecutable - INFO - Tentando: G:\LaunchBox\emulators\mame\mame.exe -version
2026-08-09 11:24:08,306 - MameExecutable - INFO - Versão detectada via padrão genérico: 0.289
2026-08-09 11:24:08,313 - MameExecutable - INFO - Inicializando MameExecutable com caminho: G:\LaunchBox\emulators\mame\mame.exe
2026-08-09 11:24:08,313 - MameExecutable - INFO - Tentando: G:\LaunchBox\emulators\mame\mame.exe --version
2026-08-09 11:24:08,468 - MameExecutable - INFO - Tentando: G:\LaunchBox\emulators\mame\mame.exe -version
2026-08-09 11:24:08,625 - MameExecutable - INFO - Versão detectada via padrão genérico: 0.289
2026-08-09 11:24:09,721 - MameExecutable - INFO - Inicializando MameExecutable com caminho: G:\LaunchBox\emulators\mame\mame.exe
2026-08-09 11:24:09,721 - MameExecutable - INFO - Tentando: G:\LaunchBox\emulators\mame\mame.exe --version
2026-08-09 11:24:09,899 - MameExecutable - INFO - Tentando: G:\LaunchBox\emulators\mame\mame.exe -version
2026-08-09 11:24:10,057 - MameExecutable - INFO - Versão detectada via padrão genérico: 0.289
2026-08-09 11:28:39,873 - MameExecutable - INFO - Inicializando MameExecutable com caminho: G:\LaunchBox\emulators\mame\mame.exe
2026-08-09 11:28:39,874 - MameExecutable - INFO - Tentando: G:\LaunchBox\emulators\mame\mame.exe --version
2026-08-09 11:28:40,144 - MameExecutable - INFO - Tentando: G:\LaunchBox\emulators\mame\mame.exe -version
2026-08-09 11:28:40,297 - MameExecutable - INFO - Versão detectada via padrão genérico: 0.289
2026-08-09 11:35:52,783 - MameExecutable - INFO - Inicializando MameExecutable com caminho: G:\LaunchBox\emulators\mame\mame.exe
2026-08-09 11:35:52,783 - MameExecutable - INFO - Tentando: G:\LaunchBox\emulators\mame\mame.exe --version
2026-08-09 11:35:53,052 - MameExecutable - INFO - Tentando: G:\LaunchBox\emulators\mame\mame.exe -version
2026-08-09 11:35:53,213 - MameExecutable - INFO - Versão detectada via padrão genérico: 0.289
2026-08-09 11:35:53,218 - MameExecutable - INFO - Inicializando MameExecutable com caminho: G:\LaunchBox\emulators\mame\mame.exe
2026-08-09 11:35:53,218 - MameExecutable - INFO - Tentando: G:\LaunchBox\emulators\mame\mame.exe --version
2026-08-09 11:35:53,382 - MameExecutable - INFO - Tentando: G:\LaunchBox\emulators\mame\mame.exe -version
2026-08-09 11:35:53,537 - MameExecutable - INFO - Versão detectada via padrão genérico: 0.289
2026-08-09 11:35:56,437 - MameExecutable - INFO - Inicializando MameExecutable com caminho: G:\LaunchBox\emulators\mame\mame.exe
2026-08-09 11:35:56,437 - MameExecutable - INFO - Tentando: G:\LaunchBox\emulators\mame\mame.exe --version
2026-08-09 11:35:56,708 - MameExecutable - INFO - Tentando: G:\LaunchBox\emulators\mame\mame.exe -version
2026-08-09 11:35:56,864 - MameExecutable - INFO - Versão detectada via padrão genérico: 0.289
2026-08-09 11:36:28,998 - MameExecutable - INFO - Inicializando MameExecutable com caminho: G:\LaunchBox\emulators\mame\mame.exe
2026-08-09 11:36:28,998 - MameExecutable - INFO - Tentando: G:\LaunchBox\emulators\mame\mame.exe --version
2026-08-09 11:36:29,268 - MameExecutable - INFO - Tentando: G:\LaunchBox\emulators\mame\mame.exe -version
2026-08-09 11:36:29,422 - MameExecutable - INFO - Versão detectada via padrão genérico: 0.289
2026-08-09 11:39:23,242 - MameExecutable - INFO - Inicializando MameExecutable com caminho: G:\LaunchBox\emulators\mame\mame.exe
2026-08-09 11:39:23,242 - MameExecutable - INFO - Tentando: G:\LaunchBox\emulators\mame\mame.exe --version
2026-08-09 11:39:23,512 - MameExecutable - INFO - Tentando: G:\LaunchBox\emulators\mame\mame.exe -version
2026-08-09 11:39:23,668 - MameExecutable - INFO - Versão detectada via padrão genérico: 0.289
2026-08-09 11:39:23,673 - MameExecutable - INFO - Inicializando MameExecutable com caminho: G:\LaunchBox\emulators\mame\mame.exe
2026-08-09 11:39:23,674 - MameExecutable - INFO - Tentando: G:\LaunchBox\emulators\mame\mame.exe --version
2026-08-09 11:39:23,826 - MameExecutable - INFO - Tentando: G:\LaunchBox\emulators\mame\mame.exe -version
2026-08-09 11:39:23,988 - MameExecutable - INFO - Versão detectada via padrão genérico: 0.289
2026-08-09 11:39:27,057 - MameExecutable - INFO - Inicializando MameExecutable com caminho: G:\LaunchBox\emulators\mame\mame.exe
2026-08-09 11:39:27,057 - MameExecutable - INFO - Tentando: G:\LaunchBox\emulators\mame\mame.exe --version
2026-08-09 11:39:27,332 - MameExecutable - INFO - Tentando: G:\LaunchBox\emulators\mame\mame.exe -version
2026-08-09 11:39:27,497 - MameExecutable - INFO - Versão detectada via padrão genérico: 0.289
2026-08-09 11:40:04,500 - MameExecutable - INFO - Inicializando MameExecutable com caminho: G:\LaunchBox\emulators\mame\mame.exe
2026-08-09 11:40:04,500 - MameExecutable - INFO - Tentando: G:\LaunchBox\emulators\mame\mame.exe --version
2026-08-09 11:40:04,771 - MameExecutable - INFO - Tentando: G:\LaunchBox\emulators\mame\mame.exe -version
2026-08-09 11:40:04,927 - MameExecutable - INFO - Versão detectada via padrão genérico: 0.289
2026-08-09 12:01:10,765 - MameExecutable - INFO - Inicializando MameExecutable com caminho: G:\LaunchBox\emulators\mame\mame.exe
2026-08-09 12:01:10,765 - MameExecutable - INFO - Tentando: G:\LaunchBox\emulators\mame\mame.exe --version
2026-08-09 12:01:11,047 - MameExecutable - INFO - Tentando: G:\LaunchBox\emulators\mame\mame.exe -version
2026-08-09 12:01:11,203 - MameExecutable - INFO - Versão detectada via padrão genérico: 0.289
2026-08-09 12:01:11,208 - MameExecutable - INFO - Inicializando MameExecutable com caminho: G:\LaunchBox\emulators\mame\mame.exe
2026-08-09 12:01:11,209 - MameExecutable - INFO - Tentando: G:\LaunchBox\emulators\mame\mame.exe --version
2026-08-09 12:01:11,368 - MameExecutable - INFO - Tentando: G:\LaunchBox\emulators\mame\mame.exe -version
2026-08-09 12:01:11,531 - MameExecutable - INFO - Versão detectada via padrão genérico: 0.289
2026-08-09 12:01:14,426 - MameExecutable - INFO - Inicializando MameExecutable com caminho: G:\LaunchBox\emulators\mame\mame.exe
2026-08-09 12:01:14,426 - MameExecutable - INFO - Tentando: G:\LaunchBox\emulators\mame\mame.exe --version
2026-08-09 12:01:14,695 - MameExecutable - INFO - Tentando: G:\LaunchBox\emulators\mame\mame.exe -version
2026-08-09 12:01:14,850 - MameExecutable - INFO - Versão detectada via padrão genérico: 0.289
2026-08-09 12:01:26,001 - MameExecutable - INFO - Inicializando MameExecutable com caminho: G:\LaunchBox\emulators\mame\mame.exe
2026-08-09 12:01:26,001 - MameExecutable - INFO - Tentando: G:\LaunchBox\emulators\mame\mame.exe --version
2026-08-09 12:01:26,272 - MameExecutable - INFO - Tentando: G:\LaunchBox\emulators\mame\mame.exe -version
2026-08-09 12:01:26,426 - MameExecutable - INFO - Versão detectada via padrão genérico: 0.289
2026-08-09 12:01:29,007 - MameExecutable - INFO - Inicializando MameExecutable com caminho: G:\LaunchBox\emulators\mame\mame.exe
2026-08-09 12:01:29,007 - MameExecutable - INFO - Tentando: G:\LaunchBox\emulators\mame\mame.exe --version
2026-08-09 12:01:29,274 - MameExecutable - INFO - Tentando: G:\LaunchBox\emulators\mame\mame.exe -version
2026-08-09 12:01:29,442 - MameExecutable - INFO - Versão detectada via padrão genérico: 0.289
2026-08-09 12:03:54,640 - MameExecutable - INFO - Inicializando MameExecutable com caminho: G:\LaunchBox\emulators\mame\mame.exe
2026-08-09 12:03:54,640 - MameExecutable - INFO - Tentando: G:\LaunchBox\emulators\mame\mame.exe --version
2026-08-09 12:03:54,906 - MameExecutable - INFO - Tentando: G:\LaunchBox\emulators\mame\mame.exe -version
2026-08-09 12:03:55,062 - MameExecutable - INFO - Versão detectada via padrão genérico: 0.289
2026-08-09 12:03:55,067 - MameExecutable - INFO - Inicializando MameExecutable com caminho: G:\LaunchBox\emulators\mame\mame.exe
2026-08-09 12:03:55,067 - MameExecutable - INFO - Tentando: G:\LaunchBox\emulators\mame\mame.exe --version
2026-08-09 12:03:55,224 - MameExecutable - INFO - Tentando: G:\LaunchBox\emulators\mame\mame.exe -version
2026-08-09 12:03:55,383 - MameExecutable - INFO - Versão detectada via padrão genérico: 0.289
2026-08-09 12:03:56,920 - MameExecutable - INFO - Inicializando MameExecutable com caminho: G:\LaunchBox\emulators\mame\mame.exe
2026-08-09 12:03:56,920 - MameExecutable - INFO - Tentando: G:\LaunchBox\emulators\mame\mame.exe --version
2026-08-09 12:03:57,190 - MameExecutable - INFO - Tentando: G:\LaunchBox\emulators\mame\mame.exe -version
2026-08-09 12:03:57,354 - MameExecutable - INFO - Versão detectada via padrão genérico: 0.289
2026-08-09 12:14:37,713 - MameExecutable - INFO - Inicializando MameExecutable com caminho: G:\LaunchBox\emulators\mame\mame.exe
2026-08-09 12:14:37,713 - MameExecutable - INFO - Tentando: G:\LaunchBox\emulators\mame\mame.exe --version
2026-08-09 12:14:37,983 - MameExecutable - INFO - Tentando: G:\LaunchBox\emulators\mame\mame.exe -version
2026-08-09 12:14:38,140 - MameExecutable - INFO - Versão detectada via padrão genérico: 0.289
2026-08-09 12:14:38,146 - MameExecutable - INFO - Inicializando MameExecutable com caminho: G:\LaunchBox\emulators\mame\mame.exe
2026-08-09 12:14:38,146 - MameExecutable - INFO - Tentando: G:\LaunchBox\emulators\mame\mame.exe --version
2026-08-09 12:14:38,304 - MameExecutable - INFO - Tentando: G:\LaunchBox\emulators\mame\mame.exe -version
2026-08-09 12:14:38,465 - MameExecutable - INFO - Versão detectada via padrão genérico: 0.289
2026-08-09 12:14:40,882 - MameExecutable - INFO - Inicializando MameExecutable com caminho: G:\LaunchBox\emulators\mame\mame.exe
2026-08-09 12:14:40,882 - MameExecutable - INFO - Tentando: G:\LaunchBox\emulators\mame\mame.exe --version
2026-08-09 12:14:41,150 - MameExecutable - INFO - Tentando: G:\LaunchBox\emulators\mame\mame.exe -version
2026-08-09 12:14:41,305 - MameExecutable - INFO - Versão detectada via padrão genérico: 0.289
2026-08-09 12:14:59,777 - MameExecutable - INFO - Inicializando MameExecutable com caminho: G:\LaunchBox\emulators\mame\mame.exe
2026-08-09 12:14:59,778 - MameExecutable - INFO - Tentando: G:\LaunchBox\emulators\mame\mame.exe --version
2026-08-09 12:15:00,055 - MameExecutable - INFO - Tentando: G:\LaunchBox\emulators\mame\mame.exe -version
2026-08-09 12:15:00,209 - MameExecutable - INFO - Versão detectada via padrão genérico: 0.289
2026-08-09 12:15:41,268 - MameExecutable - INFO - Inicializando MameExecutable com caminho: G:\LaunchBox\emulators\mame\mame.exe
2026-08-09 12:15:41,268 - MameExecutable - INFO - Tentando: G:\LaunchBox\emulators\mame\mame.exe --version
2026-08-09 12:15:41,537 - MameExecutable - INFO - Tentando: G:\LaunchBox\emulators\mame\mame.exe -version
2026-08-09 12:15:41,695 - MameExecutable - INFO - Versão detectada via padrão genérico: 0.289
2026-08-09 12:24:15,936 - MameExecutable - INFO - Inicializando MameExecutable com caminho: G:\LaunchBox\emulators\mame\mame.exe
2026-08-09 12:24:15,937 - MameExecutable - INFO - Tentando: G:\LaunchBox\emulators\mame\mame.exe --version
2026-08-09 12:24:16,205 - MameExecutable - INFO - Tentando: G:\LaunchBox\emulators\mame\mame.exe -version
2026-08-09 12:24:16,361 - MameExecutable - INFO - Versão detectada via padrão genérico: 0.289
2026-08-09 12:24:16,367 - MameExecutable - INFO - Inicializando MameExecutable com caminho: G:\LaunchBox\emulators\mame\mame.exe
2026-08-09 12:24:16,367 - MameExecutable - INFO - Tentando: G:\LaunchBox\emulators\mame\mame.exe --version
2026-08-09 12:24:16,522 - MameExecutable - INFO - Tentando: G:\LaunchBox\emulators\mame\mame.exe -version
2026-08-09 12:24:16,678 - MameExecutable - INFO - Versão detectada via padrão genérico: 0.289
2026-08-09 12:24:19,328 - MameExecutable - INFO - Inicializando MameExecutable com caminho: G:\LaunchBox\emulators\mame\mame.exe
2026-08-09 12:24:19,329 - MameExecutable - INFO - Tentando: G:\LaunchBox\emulators\mame\mame.exe --version
2026-08-09 12:24:19,596 - MameExecutable - INFO - Tentando: G:\LaunchBox\emulators\mame\mame.exe -version
2026-08-09 12:24:19,760 - MameExecutable - INFO - Versão detectada via padrão genérico: 0.289
2026-08-09 12:24:25,572 - MameExecutable - INFO - Inicializando MameExecutable com caminho: G:\LaunchBox\emulators\mame\mame.exe
2026-08-09 12:24:25,572 - MameExecutable - INFO - Tentando: G:\LaunchBox\emulators\mame\mame.exe --version
2026-08-09 12:24:25,841 - MameExecutable - INFO - Tentando: G:\LaunchBox\emulators\mame\mame.exe -version
2026-08-09 12:24:25,998 - MameExecutable - INFO - Versão detectada via padrão genérico: 0.289
2026-08-09 12:25:05,784 - MameExecutable - INFO - Inicializando MameExecutable com caminho: G:\LaunchBox\emulators\mame\mame.exe
2026-08-09 12:25:05,785 - MameExecutable - INFO - Tentando: G:\LaunchBox\emulators\mame\mame.exe --version
2026-08-09 12:25:06,051 - MameExecutable - INFO - Tentando: G:\LaunchBox\emulators\mame\mame.exe -version
2026-08-09 12:25:06,214 - MameExecutable - INFO - Versão detectada via padrão genérico: 0.289
2026-08-09 16:36:03,794 - MameExecutable - INFO - Inicializando MameExecutable com caminho: G:\LaunchBox\emulators\mame\mame.exe
2026-08-09 16:36:03,795 - MameExecutable - INFO - Tentando: G:\LaunchBox\emulators\mame\mame.exe --version
2026-08-09 16:36:04,472 - MameExecutable - INFO - Tentando: G:\LaunchBox\emulators\mame\mame.exe -version
2026-08-09 16:36:04,644 - MameExecutable - INFO - Versão detectada via padrão genérico: 0.289
2026-08-09 16:36:04,672 - MameExecutable - INFO - Inicializando MameExecutable com caminho: G:\LaunchBox\emulators\mame\mame.exe
2026-08-09 16:36:04,673 - MameExecutable - INFO - Tentando: G:\LaunchBox\emulators\mame\mame.exe --version
2026-08-09 16:36:04,839 - MameExecutable - INFO - Tentando: G:\LaunchBox\emulators\mame\mame.exe -version
2026-08-09 16:36:05,006 - MameExecutable - INFO - Versão detectada via padrão genérico: 0.289
2026-08-09 16:36:08,402 - MameExecutable - INFO - Inicializando MameExecutable com caminho: G:\LaunchBox\emulators\mame\mame.exe
2026-08-09 16:36:08,402 - MameExecutable - INFO - Tentando: G:\LaunchBox\emulators\mame\mame.exe --version
2026-08-09 16:36:08,689 - MameExecutable - INFO - Tentando: G:\LaunchBox\emulators\mame\mame.exe -version
2026-08-09 16:36:08,852 - MameExecutable - INFO - Versão detectada via padrão genérico: 0.289
2026-08-09 16:36:30,692 - MameExecutable - INFO - Inicializando MameExecutable com caminho: G:\LaunchBox\emulators\mame\mame.exe
2026-08-09 16:36:30,693 - MameExecutable - INFO - Tentando: G:\LaunchBox\emulators\mame\mame.exe --version
2026-08-09 16:36:30,973 - MameExecutable - INFO - Tentando: G:\LaunchBox\emulators\mame\mame.exe -version
2026-08-09 16:36:31,127 - MameExecutable - INFO - Versão detectada via padrão genérico: 0.289
2026-08-09 16:37:19,008 - MameExecutable - INFO - Inicializando MameExecutable com caminho: G:\LaunchBox\emulators\mame\mame.exe
2026-08-09 16:37:19,008 - MameExecutable - INFO - Tentando: G:\LaunchBox\emulators\mame\mame.exe --version
2026-08-09 16:37:19,276 - MameExecutable - INFO - Tentando: G:\LaunchBox\emulators\mame\mame.exe -version
2026-08-09 16:37:19,434 - MameExecutable - INFO - Versão detectada via padrão genérico: 0.289
2026-08-09 16:44:27,717 - MameExecutable - INFO - Inicializando MameExecutable com caminho: G:\LaunchBox\emulators\mame\mame.exe
2026-08-09 16:44:27,717 - MameExecutable - INFO - Tentando: G:\LaunchBox\emulators\mame\mame.exe --version
2026-08-09 16:44:28,005 - MameExecutable - INFO - Tentando: G:\LaunchBox\emulators\mame\mame.exe -version
2026-08-09 16:44:28,162 - MameExecutable - INFO - Versão detectada via padrão genérico: 0.289
2026-08-09 16:44:28,167 - MameExecutable - INFO - Inicializando MameExecutable com caminho: G:\LaunchBox\emulators\mame\mame.exe
2026-08-09 16:44:28,167 - MameExecutable - INFO - Tentando: G:\LaunchBox\emulators\mame\mame.exe --version
2026-08-09 16:44:28,329 - MameExecutable - INFO - Tentando: G:\LaunchBox\emulators\mame\mame.exe -version
2026-08-09 16:44:28,488 - MameExecutable - INFO - Versão detectada via padrão genérico: 0.289
2026-08-09 16:54:20,039 - MameExecutable - INFO - Inicializando MameExecutable com caminho: G:\LaunchBox\emulators\mame\mame.exe
2026-08-09 16:54:20,040 - MameExecutable - INFO - Tentando: G:\LaunchBox\emulators\mame\mame.exe --version
2026-08-09 16:54:20,329 - MameExecutable - INFO - Tentando: G:\LaunchBox\emulators\mame\mame.exe -version
2026-08-09 16:54:20,486 - MameExecutable - INFO - Versão detectada via padrão genérico: 0.289
2026-08-09 16:54:20,492 - MameExecutable - INFO - Inicializando MameExecutable com caminho: G:\LaunchBox\emulators\mame\mame.exe
2026-08-09 16:54:20,492 - MameExecutable - INFO - Tentando: G:\LaunchBox\emulators\mame\mame.exe --version
2026-08-09 16:54:20,651 - MameExecutable - INFO - Tentando: G:\LaunchBox\emulators\mame\mame.exe -version
2026-08-09 16:54:20,808 - MameExecutable - INFO - Versão detectada via padrão genérico: 0.289
2026-08-09 16:55:56,523 - MameExecutable - INFO - Inicializando MameExecutable com caminho: G:\LaunchBox\emulators\mame\mame.exe
2026-08-09 16:55:56,524 - MameExecutable - INFO - Tentando: G:\LaunchBox\emulators\mame\mame.exe --version
2026-08-09 16:55:56,809 - MameExecutable - INFO - Tentando: G:\LaunchBox\emulators\mame\mame.exe -version
2026-08-09 16:55:56,967 - MameExecutable - INFO - Versão detectada via padrão genérico: 0.289
2026-08-09 16:55:56,973 - MameExecutable - INFO - Inicializando MameExecutable com caminho: G:\LaunchBox\emulators\mame\mame.exe
2026-08-09 16:55:56,973 - MameExecutable - INFO - Tentando: G:\LaunchBox\emulators\mame\mame.exe --version
2026-08-09 16:55:57,134 - MameExecutable - INFO - Tentando: G:\LaunchBox\emulators\mame\mame.exe -version
2026-08-09 16:55:57,289 - MameExecutable - INFO - Versão detectada via padrão genérico: 0.289
2026-08-09 16:56:52,828 - MameExecutable - INFO - Inicializando MameExecutable com caminho: G:\LaunchBox\emulators\mame\mame.exe
2026-08-09 16:56:52,829 - MameExecutable - INFO - Executando -listxml...
2026-08-09 16:56:58,520 - MameExecutable - INFO - listxml obtido com sucesso.
2026-08-09 16:56:58,521 - MameExecutable - INFO - Tentando: G:\LaunchBox\emulators\mame\mame.exe --version
2026-08-09 16:56:58,826 - MameExecutable - INFO - Tentando: G:\LaunchBox\emulators\mame\mame.exe -version
2026-08-09 16:56:58,986 - MameExecutable - INFO - Versão detectada via padrão genérico: 0.289
2026-08-09 16:58:45,755 - MameExecutable - INFO - Inicializando MameExecutable com caminho: G:\LaunchBox\emulators\mame\mame.exe
2026-08-09 16:58:45,755 - MameExecutable - INFO - Tentando: G:\LaunchBox\emulators\mame\mame.exe --version
2026-08-09 16:58:46,025 - MameExecutable - INFO - Tentando: G:\LaunchBox\emulators\mame\mame.exe -version
2026-08-09 16:58:46,180 - MameExecutable - INFO - Versão detectada via padrão genérico: 0.289
2026-08-09 16:58:46,185 - MameExecutable - INFO - Inicializando MameExecutable com caminho: G:\LaunchBox\emulators\mame\mame.exe
2026-08-09 16:58:46,185 - MameExecutable - INFO - Tentando: G:\LaunchBox\emulators\mame\mame.exe --version
2026-08-09 16:58:46,340 - MameExecutable - INFO - Tentando: G:\LaunchBox\emulators\mame\mame.exe -version
2026-08-09 16:58:46,496 - MameExecutable - INFO - Versão detectada via padrão genérico: 0.289
2026-08-09 17:06:02,425 - MameExecutable - INFO - Inicializando MameExecutable com caminho: G:\LaunchBox\emulators\mame\mame.exe
2026-08-09 17:06:02,425 - MameExecutable - INFO - Tentando: G:\LaunchBox\emulators\mame\mame.exe --version
2026-08-09 17:06:02,702 - MameExecutable - INFO - Tentando: G:\LaunchBox\emulators\mame\mame.exe -version
2026-08-09 17:06:02,858 - MameExecutable - INFO - Versão detectada via padrão genérico: 0.289
2026-08-09 17:06:02,863 - MameExecutable - INFO - Inicializando MameExecutable com caminho: G:\LaunchBox\emulators\mame\mame.exe
2026-08-09 17:06:02,863 - MameExecutable - INFO - Tentando: G:\LaunchBox\emulators\mame\mame.exe --version
2026-08-09 17:06:03,032 - MameExecutable - INFO - Tentando: G:\LaunchBox\emulators\mame\mame.exe -version
2026-08-09 17:06:03,187 - MameExecutable - INFO - Versão detectada via padrão genérico: 0.289
2026-08-09 17:11:40,798 - app.main - INFO - ============================================================
2026-08-09 17:11:40,799 - app.main - INFO - Iniciando MAME Set Builder...
2026-08-09 17:11:40,799 - app.main - INFO - Python: 3.14.6 (tags/v3.14.6:c63aec6, Jun 10 2026, 10:26:10) [MSC v.1944 64 bit (AMD64)]
2026-08-09 17:11:40,799 - app.main - INFO - Platform: win32
2026-08-09 17:11:40,850 - app.database.database - INFO - Database inicializado com caminho: C:\Users\leost\.mame-set-builder\data\mame_set_builder.db
2026-08-09 17:11:40,850 - app.database.database - INFO - Conectando ao banco: C:\Users\leost\.mame-set-builder\data\mame_set_builder.db
2026-08-09 17:11:40,850 - app.database.database - WARNING - schema.sql não encontrado em C:\Users\leost\mame-set-builder\app\database\schema.sql. Usando fallback.
2026-08-09 17:11:40,851 - app.database.database - WARNING - Criando tabelas mínimas (fallback).
2026-08-09 17:11:40,855 - app.database.database - INFO - Tabelas fallback criadas.
2026-08-09 17:11:40,855 - app.database.database - INFO - Conexão estabelecida e tabelas verificadas.
2026-08-09 17:11:40,858 - MameExecutable - INFO - Inicializando MameExecutable com caminho: G:\LaunchBox\emulators\mame\mame.exe
2026-08-09 17:11:40,858 - MameExecutable - INFO - Tentando: G:\LaunchBox\emulators\mame\mame.exe --version
2026-08-09 17:11:41,129 - MameExecutable - INFO - Tentando: G:\LaunchBox\emulators\mame\mame.exe -version
2026-08-09 17:11:41,287 - MameExecutable - INFO - Versão detectada via padrão genérico: 0.289
2026-08-09 17:11:41,293 - MameExecutable - INFO - Inicializando MameExecutable com caminho: G:\LaunchBox\emulators\mame\mame.exe
2026-08-09 17:11:41,293 - MameExecutable - INFO - Tentando: G:\LaunchBox\emulators\mame\mame.exe --version
2026-08-09 17:11:41,450 - MameExecutable - INFO - Tentando: G:\LaunchBox\emulators\mame\mame.exe -version
2026-08-09 17:11:41,607 - MameExecutable - INFO - Versão detectada via padrão genérico: 0.289
2026-08-09 17:11:44,639 - app.database.database - INFO - Conectando ao banco: C:\Users\leost\.mame-set-builder\data\mame_set_builder.db
2026-08-09 17:11:44,639 - app.database.database - WARNING - schema.sql não encontrado em C:\Users\leost\mame-set-builder\app\database\schema.sql. Usando fallback.
2026-08-09 17:11:44,639 - app.database.database - WARNING - Criando tabelas mínimas (fallback).
2026-08-09 17:11:44,644 - app.database.database - INFO - Tabelas fallback criadas.
2026-08-09 17:11:44,644 - app.database.database - INFO - Conexão estabelecida e tabelas verificadas.
2026-08-09 17:11:44,691 - app.main - INFO - Aplicação iniciada com sucesso.
2026-08-09 17:11:51,911 - app.gui.tabs.filters_tab - INFO - === INICIANDO IMPORTAÇÃO DO LISTXML ===
2026-08-09 17:11:51,913 - app.gui.tabs.filters_tab - ERROR - Falha na importação: 'MainWindow' object is not callable
Traceback (most recent call last):
  File "C:\Users\leost\mame-set-builder\app\gui\tabs\filters_tab.py", line 312, in import_task
    self._update_progress(10, "Obtendo listxml do MAME...")
    ~~~~~~~~~~~~~~~~~~~~~^^^^^^^^^^^^^^^^^^^^^^^^^^^^^^^^^^
  File "C:\Users\leost\mame-set-builder\app\gui\tabs\filters_tab.py", line 365, in _update_progress
    self.parent().status_bar, "showMessage",
    ~~~~~~~~~~~^^
TypeError: 'MainWindow' object is not callable
2026-08-09 17:13:38,788 - app.main - INFO - ============================================================
2026-08-09 17:13:38,788 - app.main - INFO - Iniciando MAME Set Builder...
2026-08-09 17:13:38,788 - app.main - INFO - Python: 3.14.6 (tags/v3.14.6:c63aec6, Jun 10 2026, 10:26:10) [MSC v.1944 64 bit (AMD64)]
2026-08-09 17:13:38,788 - app.main - INFO - Platform: win32
2026-08-09 17:13:38,837 - app.database.database - INFO - Database inicializado com caminho: C:\Users\leost\.mame-set-builder\data\mame_set_builder.db
2026-08-09 17:13:38,837 - app.database.database - INFO - Conectando ao banco: C:\Users\leost\.mame-set-builder\data\mame_set_builder.db
2026-08-09 17:13:38,837 - app.database.database - WARNING - schema.sql não encontrado em C:\Users\leost\mame-set-builder\app\database\schema.sql. Usando fallback.
2026-08-09 17:13:38,837 - app.database.database - WARNING - Criando tabelas mínimas (fallback).
2026-08-09 17:13:38,842 - app.database.database - INFO - Tabelas fallback criadas.
2026-08-09 17:13:38,842 - app.database.database - INFO - Conexão estabelecida e tabelas verificadas.
2026-08-09 17:13:38,845 - MameExecutable - INFO - Inicializando MameExecutable com caminho: G:\LaunchBox\emulators\mame\mame.exe
2026-08-09 17:13:38,846 - MameExecutable - INFO - Tentando: G:\LaunchBox\emulators\mame\mame.exe --version
2026-08-09 17:13:39,114 - MameExecutable - INFO - Tentando: G:\LaunchBox\emulators\mame\mame.exe -version
2026-08-09 17:13:39,267 - MameExecutable - INFO - Versão detectada via padrão genérico: 0.289
2026-08-09 17:13:39,273 - MameExecutable - INFO - Inicializando MameExecutable com caminho: G:\LaunchBox\emulators\mame\mame.exe
2026-08-09 17:13:39,273 - MameExecutable - INFO - Tentando: G:\LaunchBox\emulators\mame\mame.exe --version
2026-08-09 17:13:39,430 - MameExecutable - INFO - Tentando: G:\LaunchBox\emulators\mame\mame.exe -version
2026-08-09 17:13:39,589 - MameExecutable - INFO - Versão detectada via padrão genérico: 0.289
2026-08-09 17:13:41,817 - app.database.database - INFO - Conectando ao banco: C:\Users\leost\.mame-set-builder\data\mame_set_builder.db
2026-08-09 17:13:41,818 - app.database.database - WARNING - schema.sql não encontrado em C:\Users\leost\mame-set-builder\app\database\schema.sql. Usando fallback.
2026-08-09 17:13:41,818 - app.database.database - WARNING - Criando tabelas mínimas (fallback).
2026-08-09 17:13:41,823 - app.database.database - INFO - Tabelas fallback criadas.
2026-08-09 17:13:41,823 - app.database.database - INFO - Conexão estabelecida e tabelas verificadas.
2026-08-09 17:13:41,872 - app.main - INFO - Aplicação iniciada com sucesso.
2026-08-09 17:13:45,340 - app.gui.tabs.filters_tab - INFO - === INICIANDO IMPORTAÇÃO DO LISTXML ===
2026-08-09 17:13:45,340 - app.gui.tabs.filters_tab - INFO - Executando MAME para obter listxml...
2026-08-09 17:13:45,340 - MameExecutable - INFO - Inicializando MameExecutable com caminho: G:\LaunchBox\emulators\mame\mame.exe
2026-08-09 17:13:45,340 - MameExecutable - INFO - Executando -listxml...
2026-08-09 17:13:51,189 - MameExecutable - INFO - listxml obtido com sucesso.
2026-08-09 17:13:51,189 - app.gui.tabs.filters_tab - INFO - listxml obtido. Tamanho: 319965097 caracteres.
2026-08-09 17:13:51,189 - MameExecutable - INFO - Tentando: G:\LaunchBox\emulators\mame\mame.exe --version
2026-08-09 17:13:51,486 - MameExecutable - INFO - Tentando: G:\LaunchBox\emulators\mame\mame.exe -version
2026-08-09 17:13:51,648 - MameExecutable - INFO - Versão detectada via padrão genérico: 0.289
2026-08-09 17:13:51,649 - app.gui.tabs.filters_tab - INFO - Versão do MAME detectada: 0.289
2026-08-09 17:13:51,649 - app.gui.tabs.filters_tab - INFO - Conectando ao banco: C:\Users\leost\.mame-set-builder\data\mame_set_builder.db
2026-08-09 17:13:51,650 - app.gui.tabs.filters_tab - INFO - Conexão criada.
2026-08-09 17:13:51,650 - app.gui.tabs.filters_tab - INFO - Iniciando importação...
2026-08-09 17:13:51,650 - app.core.services.database_service - INFO - Iniciando importação do listxml...
2026-08-09 17:13:51,650 - app.core.services.database_service - INFO - Registrando instalação MAME versão 0.289 em G:\LaunchBox\emulators\mame\mame.exe
2026-08-09 17:13:51,883 - app.core.services.database_service - INFO - Nova instalação criada (ID 1)
2026-08-09 17:13:51,885 - app.core.services.database_service - INFO - Iniciando parse do XML...
2026-08-09 17:14:00,084 - app.gui.tabs.filters_tab - ERROR - Falha na importação: invalid literal for int() with base 10: 'a000'
Traceback (most recent call last):
  File "C:\Users\leost\mame-set-builder\app\gui\tabs\filters_tab.py", line 339, in import_task
    service.import_listxml(xml, str(self.config.mame_path), version)
    ~~~~~~~~~~~~~~~~~~~~~~^^^^^^^^^^^^^^^^^^^^^^^^^^^^^^^^^^^^^^^^^^
  File "C:\Users\leost\mame-set-builder\app\core\services\database_service.py", line 44, in import_listxml
    machines = self._parse_listxml(xml_string)
  File "C:\Users\leost\mame-set-builder\app\core\services\database_service.py", line 140, in _parse_listxml
    rom.offset = int(rom_elem.get('offset', '0'))
                 ~~~^^^^^^^^^^^^^^^^^^^^^^^^^^^^^
ValueError: invalid literal for int() with base 10: 'a000'
